[2025-11-28T03:06:01.485+0000] {taskinstance.py:1956} INFO - Dependencies all met for dep_context=non-requeueable deps ti=<TaskInstance: house_price_pipeline.data_pipeline.fetch_chunk scheduled__2025-11-28T03:03:00+00:00 [queued]>
[2025-11-28T03:06:01.489+0000] {taskinstance.py:1956} INFO - Dependencies all met for dep_context=requeueable deps ti=<TaskInstance: house_price_pipeline.data_pipeline.fetch_chunk scheduled__2025-11-28T03:03:00+00:00 [queued]>
[2025-11-28T03:06:01.489+0000] {taskinstance.py:2170} INFO - Starting attempt 1 of 1
[2025-11-28T03:06:01.496+0000] {taskinstance.py:2191} INFO - Executing <Task(PythonOperator): data_pipeline.fetch_chunk> on 2025-11-28 03:03:00+00:00
[2025-11-28T03:06:01.501+0000] {standard_task_runner.py:60} INFO - Started process 1056 to run task
[2025-11-28T03:06:01.503+0000] {standard_task_runner.py:87} INFO - Running: ['airflow', 'tasks', 'run', 'house_price_pipeline', 'data_pipeline.fetch_chunk', 'scheduled__2025-11-28T03:03:00+00:00', '--job-id', '19', '--raw', '--subdir', 'DAGS_FOLDER/ml_pipeline_dag.py', '--cfg-path', '/tmp/tmpym_m17zm']
[2025-11-28T03:06:01.505+0000] {standard_task_runner.py:88} INFO - Job 19: Subtask data_pipeline.fetch_chunk
[2025-11-28T03:06:01.515+0000] {logging_mixin.py:188} WARNING - /home/airflow/.local/lib/python3.10/site-packages/airflow/settings.py:194 DeprecationWarning: The sql_alchemy_conn option in [core] has been moved to the sql_alchemy_conn option in [database] - the old setting has been used, but please update your config.
[2025-11-28T03:06:01.537+0000] {task_command.py:423} INFO - Running <TaskInstance: house_price_pipeline.data_pipeline.fetch_chunk scheduled__2025-11-28T03:03:00+00:00 [running]> on host 9f9bb5a1b6b6
[2025-11-28T03:06:01.580+0000] {taskinstance.py:2480} INFO - Exporting env vars: AIRFLOW_CTX_DAG_OWNER='juan_ruiz' AIRFLOW_CTX_DAG_ID='house_price_pipeline' AIRFLOW_CTX_TASK_ID='data_pipeline.fetch_chunk' AIRFLOW_CTX_EXECUTION_DATE='2025-11-28T03:03:00+00:00' AIRFLOW_CTX_TRY_NUMBER='1' AIRFLOW_CTX_DAG_RUN_ID='scheduled__2025-11-28T03:03:00+00:00'
[2025-11-28T03:06:01.581+0000] {logging_mixin.py:188} INFO - Descargando chunk 8...
[2025-11-28T03:06:01.646+0000] {logging_mixin.py:188} INFO - Error al obtener datos: 400 Client Error: Bad Request for url: http://10.43.100.103:8000/data?group_number=1&day=Tuesday
[2025-11-28T03:06:01.646+0000] {taskinstance.py:2698} ERROR - Task failed with exception
Traceback (most recent call last):
  File "/opt/airflow/scripts/fetch_chunk.py", line 33, in fetch_chunk
    resp.raise_for_status()
  File "/home/airflow/.local/lib/python3.10/site-packages/requests/models.py", line 1021, in raise_for_status
    raise HTTPError(http_error_msg, response=self)
requests.exceptions.HTTPError: 400 Client Error: Bad Request for url: http://10.43.100.103:8000/data?group_number=1&day=Tuesday

During handling of the above exception, another exception occurred:

Traceback (most recent call last):
  File "/home/airflow/.local/lib/python3.10/site-packages/airflow/models/taskinstance.py", line 433, in _execute_task
    result = execute_callable(context=context, **execute_callable_kwargs)
  File "/home/airflow/.local/lib/python3.10/site-packages/airflow/operators/python.py", line 199, in execute
    return_value = self.execute_callable()
  File "/home/airflow/.local/lib/python3.10/site-packages/airflow/operators/python.py", line 216, in execute_callable
    return self.python_callable(*self.op_args, **self.op_kwargs)
  File "/opt/airflow/scripts/fetch_chunk.py", line 36, in fetch_chunk
    raise ValueError("La API no respondió correctamente. Pipeline detenido.")
ValueError: La API no respondió correctamente. Pipeline detenido.
[2025-11-28T03:06:01.652+0000] {taskinstance.py:1138} INFO - Marking task as FAILED. dag_id=house_price_pipeline, task_id=data_pipeline.fetch_chunk, execution_date=20251128T030300, start_date=20251128T030601, end_date=20251128T030601
[2025-11-28T03:06:01.657+0000] {standard_task_runner.py:107} ERROR - Failed to execute job 19 for task data_pipeline.fetch_chunk (La API no respondió correctamente. Pipeline detenido.; 1056)
[2025-11-28T03:06:01.685+0000] {local_task_job_runner.py:234} INFO - Task exited with return code 1
[2025-11-28T03:06:01.699+0000] {taskinstance.py:3280} INFO - 0 downstream tasks scheduled from follow-on schedule check
