[2025-11-28T03:00:01.131+0000] {taskinstance.py:1956} INFO - Dependencies all met for dep_context=non-requeueable deps ti=<TaskInstance: house_price_pipeline.data_pipeline.fetch_chunk scheduled__2025-11-28T02:57:00+00:00 [queued]>
[2025-11-28T03:00:01.134+0000] {taskinstance.py:1956} INFO - Dependencies all met for dep_context=requeueable deps ti=<TaskInstance: house_price_pipeline.data_pipeline.fetch_chunk scheduled__2025-11-28T02:57:00+00:00 [queued]>
[2025-11-28T03:00:01.134+0000] {taskinstance.py:2170} INFO - Starting attempt 1 of 1
[2025-11-28T03:00:01.139+0000] {taskinstance.py:2191} INFO - Executing <Task(PythonOperator): data_pipeline.fetch_chunk> on 2025-11-28 02:57:00+00:00
[2025-11-28T03:00:01.143+0000] {standard_task_runner.py:60} INFO - Started process 880 to run task
[2025-11-28T03:00:01.145+0000] {standard_task_runner.py:87} INFO - Running: ['airflow', 'tasks', 'run', 'house_price_pipeline', 'data_pipeline.fetch_chunk', 'scheduled__2025-11-28T02:57:00+00:00', '--job-id', '17', '--raw', '--subdir', 'DAGS_FOLDER/ml_pipeline_dag.py', '--cfg-path', '/tmp/tmpwfw_3dk1']
[2025-11-28T03:00:01.146+0000] {standard_task_runner.py:88} INFO - Job 17: Subtask data_pipeline.fetch_chunk
[2025-11-28T03:00:01.154+0000] {logging_mixin.py:188} WARNING - /home/airflow/.local/lib/python3.10/site-packages/airflow/settings.py:194 DeprecationWarning: The sql_alchemy_conn option in [core] has been moved to the sql_alchemy_conn option in [database] - the old setting has been used, but please update your config.
[2025-11-28T03:00:01.171+0000] {task_command.py:423} INFO - Running <TaskInstance: house_price_pipeline.data_pipeline.fetch_chunk scheduled__2025-11-28T02:57:00+00:00 [running]> on host 9f9bb5a1b6b6
[2025-11-28T03:00:01.208+0000] {taskinstance.py:2480} INFO - Exporting env vars: AIRFLOW_CTX_DAG_OWNER='juan_ruiz' AIRFLOW_CTX_DAG_ID='house_price_pipeline' AIRFLOW_CTX_TASK_ID='data_pipeline.fetch_chunk' AIRFLOW_CTX_EXECUTION_DATE='2025-11-28T02:57:00+00:00' AIRFLOW_CTX_TRY_NUMBER='1' AIRFLOW_CTX_DAG_RUN_ID='scheduled__2025-11-28T02:57:00+00:00'
[2025-11-28T03:00:01.210+0000] {logging_mixin.py:188} INFO - Descargando chunk 8...
[2025-11-28T03:00:31.261+0000] {logging_mixin.py:188} INFO - Error al obtener datos: HTTPConnectionPool(host='10.43.100.103', port=8000): Read timed out. (read timeout=30)
[2025-11-28T03:00:31.264+0000] {taskinstance.py:2698} ERROR - Task failed with exception
Traceback (most recent call last):
  File "/home/airflow/.local/lib/python3.10/site-packages/urllib3/connectionpool.py", line 537, in _make_request
    response = conn.getresponse()
  File "/home/airflow/.local/lib/python3.10/site-packages/urllib3/connection.py", line 461, in getresponse
    httplib_response = super().getresponse()
  File "/usr/local/lib/python3.10/http/client.py", line 1375, in getresponse
    response.begin()
  File "/usr/local/lib/python3.10/http/client.py", line 318, in begin
    version, status, reason = self._read_status()
  File "/usr/local/lib/python3.10/http/client.py", line 279, in _read_status
    line = str(self.fp.readline(_MAXLINE + 1), "iso-8859-1")
  File "/usr/local/lib/python3.10/socket.py", line 705, in readinto
    return self._sock.recv_into(b)
TimeoutError: timed out

The above exception was the direct cause of the following exception:

Traceback (most recent call last):
  File "/home/airflow/.local/lib/python3.10/site-packages/requests/adapters.py", line 486, in send
    resp = conn.urlopen(
  File "/home/airflow/.local/lib/python3.10/site-packages/urllib3/connectionpool.py", line 845, in urlopen
    retries = retries.increment(
  File "/home/airflow/.local/lib/python3.10/site-packages/urllib3/util/retry.py", line 470, in increment
    raise reraise(type(error), error, _stacktrace)
  File "/home/airflow/.local/lib/python3.10/site-packages/urllib3/util/util.py", line 39, in reraise
    raise value
  File "/home/airflow/.local/lib/python3.10/site-packages/urllib3/connectionpool.py", line 791, in urlopen
    response = self._make_request(
  File "/home/airflow/.local/lib/python3.10/site-packages/urllib3/connectionpool.py", line 539, in _make_request
    self._raise_timeout(err=e, url=url, timeout_value=read_timeout)
  File "/home/airflow/.local/lib/python3.10/site-packages/urllib3/connectionpool.py", line 371, in _raise_timeout
    raise ReadTimeoutError(
urllib3.exceptions.ReadTimeoutError: HTTPConnectionPool(host='10.43.100.103', port=8000): Read timed out. (read timeout=30)

During handling of the above exception, another exception occurred:

Traceback (most recent call last):
  File "/opt/airflow/scripts/fetch_chunk.py", line 32, in fetch_chunk
    resp = requests.get(API_URL, timeout=30)
  File "/home/airflow/.local/lib/python3.10/site-packages/requests/api.py", line 73, in get
    return request("get", url, params=params, **kwargs)
  File "/home/airflow/.local/lib/python3.10/site-packages/requests/api.py", line 59, in request
    return session.request(method=method, url=url, **kwargs)
  File "/home/airflow/.local/lib/python3.10/site-packages/requests/sessions.py", line 589, in request
    resp = self.send(prep, **send_kwargs)
  File "/home/airflow/.local/lib/python3.10/site-packages/requests/sessions.py", line 703, in send
    r = adapter.send(request, **kwargs)
  File "/home/airflow/.local/lib/python3.10/site-packages/requests/adapters.py", line 532, in send
    raise ReadTimeout(e, request=request)
requests.exceptions.ReadTimeout: HTTPConnectionPool(host='10.43.100.103', port=8000): Read timed out. (read timeout=30)

During handling of the above exception, another exception occurred:

Traceback (most recent call last):
  File "/home/airflow/.local/lib/python3.10/site-packages/airflow/models/taskinstance.py", line 433, in _execute_task
    result = execute_callable(context=context, **execute_callable_kwargs)
  File "/home/airflow/.local/lib/python3.10/site-packages/airflow/operators/python.py", line 199, in execute
    return_value = self.execute_callable()
  File "/home/airflow/.local/lib/python3.10/site-packages/airflow/operators/python.py", line 216, in execute_callable
    return self.python_callable(*self.op_args, **self.op_kwargs)
  File "/opt/airflow/scripts/fetch_chunk.py", line 36, in fetch_chunk
    raise ValueError("La API no respondió correctamente. Pipeline detenido.")
ValueError: La API no respondió correctamente. Pipeline detenido.
[2025-11-28T03:00:31.287+0000] {taskinstance.py:1138} INFO - Marking task as FAILED. dag_id=house_price_pipeline, task_id=data_pipeline.fetch_chunk, execution_date=20251128T025700, start_date=20251128T030001, end_date=20251128T030031
[2025-11-28T03:00:31.298+0000] {standard_task_runner.py:107} ERROR - Failed to execute job 17 for task data_pipeline.fetch_chunk (La API no respondió correctamente. Pipeline detenido.; 880)
[2025-11-28T03:00:31.341+0000] {local_task_job_runner.py:234} INFO - Task exited with return code 1
[2025-11-28T03:00:31.361+0000] {taskinstance.py:3280} INFO - 0 downstream tasks scheduled from follow-on schedule check
